[2026-09-22 12:28:41] inicio _load_dicoms: memoria proceso=91.2 MB -- /home/felipepp/Documents/Archivos_UseApp/DICOM/CATPHANKV
[2026-09-22 12:28:41] encabezados leidos: memoria proceso=159.1 MB -- 123 corte(s), crudo estimado=61.5 MB
[2026-09-22 12:28:41] umbral evaluado: memoria proceso=159.1 MB -- pico estimado=215.2 MB, RAM libre=39100.5 MB, ruta=estandar
[2026-09-22 12:28:41] _load_standard_volume terminada: memoria proceso=405.3 MB -- volumen_hu dtype=float32
[2026-09-22 12:28:41] fin _load_dicoms: memoria proceso=405.3 MB
[2026-09-22 12:28:41] inicio _load_dicoms: memoria proceso=405.3 MB -- /home/felipepp/Documents/Archivos_UseApp/DICOM/CatphanHalcyonJunio2026
[2026-09-22 12:28:41] encabezados leidos: memoria proceso=409.4 MB -- 123 corte(s), crudo estimado=61.5 MB
[2026-09-22 12:28:41] umbral evaluado: memoria proceso=409.4 MB -- pico estimado=215.2 MB, RAM libre=38749.4 MB, ruta=estandar
[2026-09-22 12:28:41] _load_standard_volume terminada: memoria proceso=594.0 MB -- volumen_hu dtype=float32
[2026-09-22 12:28:41] fin _load_dicoms: memoria proceso=594.0 MB
[2026-09-22 12:28:41] inicio _load_dicoms: memoria proceso=409.5 MB -- /home/felipepp/Documents/Archivos_UseApp/QA Halcyon Catphan
[2026-09-22 12:28:41] encabezados leidos: memoria proceso=409.5 MB -- 122 corte(s), crudo estimado=61.0 MB
[2026-09-22 12:28:41] umbral evaluado: memoria proceso=409.5 MB -- pico estimado=213.5 MB, RAM libre=38752.2 MB, ruta=estandar
[2026-09-22 12:28:42] _load_standard_volume terminada: memoria proceso=592.5 MB -- volumen_hu dtype=float32
[2026-09-22 12:28:42] fin _load_dicoms: memoria proceso=592.5 MB
[2026-09-22 12:28:42] inicio _load_dicoms: memoria proceso=408.0 MB -- /home/felipepp/Documents/Archivos_UseApp/DICOM/Catphandiciembre
[2026-09-22 12:28:42] encabezados leidos: memoria proceso=408.0 MB -- 70 corte(s), crudo estimado=19.7 MB
[2026-09-22 12:28:42] umbral evaluado: memoria proceso=408.0 MB -- pico estimado=68.9 MB, RAM libre=38759.0 MB, ruta=estandar
[2026-09-22 12:28:42] _load_standard_volume terminada: memoria proceso=447.4 MB -- volumen_hu dtype=float32
[2026-09-22 12:28:42] fin _load_dicoms: memoria proceso=447.4 MB
[2026-09-22 12:28:42] inicio _load_dicoms: memoria proceso=264.4 MB -- /home/felipepp/Documents/Archivos_UseApp/Catphan
[2026-09-22 12:28:42] encabezados leidos: memoria proceso=326.7 MB -- 278 corte(s), crudo estimado=139.0 MB
[2026-09-22 12:28:42] umbral evaluado: memoria proceso=326.7 MB -- pico estimado=486.5 MB, RAM libre=38962.0 MB, ruta=estandar
[2026-09-22 12:28:42] _load_standard_volume terminada: memoria proceso=744.2 MB -- volumen_hu dtype=float32
[2026-09-22 12:28:42] fin _load_dicoms: memoria proceso=744.2 MB
[2026-09-22 12:28:42] inicio _load_dicoms: memoria proceso=704.9 MB -- /home/felipepp/Documents/Archivos_UseApp/QA tomografo Catphan
[2026-09-22 12:28:42] encabezados leidos: memoria proceso=716.8 MB -- 102 corte(s), crudo estimado=51.0 MB
[2026-09-22 12:28:42] umbral evaluado: memoria proceso=716.8 MB -- pico estimado=178.5 MB, RAM libre=38481.6 MB, ruta=estandar
[2026-09-22 12:28:43] _load_standard_volume terminada: memoria proceso=869.9 MB -- volumen_hu dtype=float32
[2026-09-22 12:28:43] fin _load_dicoms: memoria proceso=869.9 MB
[2026-09-22 12:28:55] inicio _load_dicoms: memoria proceso=91.0 MB -- /home/felipepp/Documents/Archivos_UseApp/DICOM/CatphanHalcyonJunio2026
[2026-09-22 12:28:55] encabezados leidos: memoria proceso=158.9 MB -- 123 corte(s), crudo estimado=61.5 MB
[2026-09-22 12:28:55] umbral evaluado: memoria proceso=158.9 MB -- pico estimado=215.2 MB, RAM libre=39047.2 MB, ruta=estandar
[2026-09-22 12:28:55] _load_standard_volume terminada: memoria proceso=405.0 MB -- volumen_hu dtype=float32
[2026-09-22 12:28:55] fin _load_dicoms: memoria proceso=405.0 MB
[2026-09-22 12:28:55] inicio _load_dicoms: memoria proceso=91.0 MB -- /home/felipepp/Documents/Archivos_UseApp/Catphan
[2026-09-22 12:28:55] encabezados leidos: memoria proceso=244.8 MB -- 278 corte(s), crudo estimado=139.0 MB
[2026-09-22 12:28:55] umbral evaluado: memoria proceso=244.8 MB -- pico estimado=486.5 MB, RAM libre=38879.3 MB, ruta=estandar
[2026-09-22 12:28:55] _load_standard_volume terminada: memoria proceso=662.0 MB -- volumen_hu dtype=float32
[2026-09-22 12:28:55] fin _load_dicoms: memoria proceso=662.0 MB
[2026-09-22 12:29:46] inicio _load_dicoms: memoria proceso=91.0 MB -- /home/felipepp/Documents/Archivos_UseApp/DICOM/CatphanHalcyonJunio2026
[2026-09-22 12:29:46] encabezados leidos: memoria proceso=158.9 MB -- 123 corte(s), crudo estimado=61.5 MB
[2026-09-22 12:29:46] umbral evaluado: memoria proceso=158.9 MB -- pico estimado=215.2 MB, RAM libre=38192.1 MB, ruta=estandar
[2026-09-22 12:29:46] _load_standard_volume terminada: memoria proceso=343.8 MB -- volumen_hu dtype=float32
[2026-09-22 12:29:46] fin _load_dicoms: memoria proceso=343.8 MB
[2026-09-22 12:30:21] inicio _load_dicoms: memoria proceso=91.0 MB -- /home/felipepp/Documents/Archivos_UseApp/DICOM/CatphanHalcyonJunio2026
[2026-09-22 12:30:21] encabezados leidos: memoria proceso=158.9 MB -- 123 corte(s), crudo estimado=61.5 MB
[2026-09-22 12:30:21] umbral evaluado: memoria proceso=158.9 MB -- pico estimado=215.2 MB, RAM libre=36982.1 MB, ruta=estandar
[2026-09-22 12:30:21] _load_standard_volume terminada: memoria proceso=343.8 MB -- volumen_hu dtype=float32
[2026-09-22 12:30:21] fin _load_dicoms: memoria proceso=343.8 MB
[2026-09-22 12:30:21] inicio _load_dicoms: memoria proceso=90.9 MB -- /home/felipepp/Documents/Archivos_UseApp/Catphan
[2026-09-22 12:30:21] encabezados leidos: memoria proceso=245.1 MB -- 278 corte(s), crudo estimado=139.0 MB
[2026-09-22 12:30:21] umbral evaluado: memoria proceso=245.1 MB -- pico estimado=486.5 MB, RAM libre=36702.6 MB, ruta=estandar
[2026-09-22 12:30:22] _load_standard_volume terminada: memoria proceso=662.3 MB -- volumen_hu dtype=float32
[2026-09-22 12:30:22] fin _load_dicoms: memoria proceso=662.3 MB
[2026-09-22 12:30:42] _load_large_volume terminada: memoria proceso=345.0 MB -- volumen_hu dtype=float32
[2026-09-22 12:31:06] inicio _load_dicoms: memoria proceso=91.2 MB -- /home/felipepp/Documents/Archivos_UseApp/DICOM/CATPHANKV
[2026-09-22 12:31:06] encabezados leidos: memoria proceso=159.1 MB -- 123 corte(s), crudo estimado=61.5 MB
[2026-09-22 12:31:06] umbral evaluado: memoria proceso=159.1 MB -- pico estimado=276.8 MB, RAM libre=37008.3 MB, ruta=estandar
[2026-09-22 12:31:06] _load_standard_volume terminada: memoria proceso=405.3 MB -- volumen_hu dtype=float32
[2026-09-22 12:31:06] fin _load_dicoms: memoria proceso=405.3 MB
[2026-09-22 12:31:06] inicio _load_dicoms: memoria proceso=405.3 MB -- /home/felipepp/Documents/Archivos_UseApp/DICOM/CatphanHalcyonJunio2026
[2026-09-22 12:31:06] encabezados leidos: memoria proceso=409.4 MB -- 123 corte(s), crudo estimado=61.5 MB
[2026-09-22 12:31:06] umbral evaluado: memoria proceso=409.4 MB -- pico estimado=276.8 MB, RAM libre=36633.2 MB, ruta=estandar
[2026-09-22 12:31:07] _load_standard_volume terminada: memoria proceso=594.0 MB -- volumen_hu dtype=float32
[2026-09-22 12:31:07] fin _load_dicoms: memoria proceso=594.0 MB
[2026-09-22 12:31:07] inicio _load_dicoms: memoria proceso=409.5 MB -- /home/felipepp/Documents/Archivos_UseApp/QA Halcyon Catphan
[2026-09-22 12:31:07] encabezados leidos: memoria proceso=409.5 MB -- 122 corte(s), crudo estimado=61.0 MB
[2026-09-22 12:31:07] umbral evaluado: memoria proceso=409.5 MB -- pico estimado=274.5 MB, RAM libre=36596.0 MB, ruta=estandar
[2026-09-22 12:31:07] _load_standard_volume terminada: memoria proceso=592.5 MB -- volumen_hu dtype=float32
[2026-09-22 12:31:07] fin _load_dicoms: memoria proceso=592.5 MB
[2026-09-22 12:31:07] inicio _load_dicoms: memoria proceso=408.0 MB -- /home/felipepp/Documents/Archivos_UseApp/DICOM/Catphandiciembre
[2026-09-22 12:31:07] encabezados leidos: memoria proceso=408.0 MB -- 70 corte(s), crudo estimado=19.7 MB
[2026-09-22 12:31:07] umbral evaluado: memoria proceso=408.0 MB -- pico estimado=88.6 MB, RAM libre=36604.9 MB, ruta=estandar
[2026-09-22 12:31:07] _load_standard_volume terminada: memoria proceso=447.4 MB -- volumen_hu dtype=float32
[2026-09-22 12:31:07] fin _load_dicoms: memoria proceso=447.4 MB
[2026-09-22 12:31:07] inicio _load_dicoms: memoria proceso=264.4 MB -- /home/felipepp/Documents/Archivos_UseApp/Catphan
[2026-09-22 12:31:07] encabezados leidos: memoria proceso=327.2 MB -- 278 corte(s), crudo estimado=139.0 MB
[2026-09-22 12:31:07] umbral evaluado: memoria proceso=327.2 MB -- pico estimado=625.5 MB, RAM libre=36761.2 MB, ruta=estandar
[2026-09-22 12:31:07] _load_standard_volume terminada: memoria proceso=744.8 MB -- volumen_hu dtype=float32
[2026-09-22 12:31:07] fin _load_dicoms: memoria proceso=744.8 MB
[2026-09-22 12:31:08] inicio _load_dicoms: memoria proceso=705.4 MB -- /home/felipepp/Documents/Archivos_UseApp/QA tomografo Catphan
[2026-09-22 12:31:08] encabezados leidos: memoria proceso=717.3 MB -- 102 corte(s), crudo estimado=51.0 MB
[2026-09-22 12:31:08] umbral evaluado: memoria proceso=717.3 MB -- pico estimado=229.5 MB, RAM libre=36261.5 MB, ruta=estandar
[2026-09-22 12:31:08] _load_standard_volume terminada: memoria proceso=870.4 MB -- volumen_hu dtype=float32
[2026-09-22 12:31:08] fin _load_dicoms: memoria proceso=870.4 MB
[2026-09-22 12:32:02] _load_standard_volume terminada: memoria proceso=360.0 MB -- volumen_hu dtype=float32
[2026-09-22 12:32:02] _load_large_volume terminada: memoria proceso=611.3 MB -- volumen_hu dtype=float32
[2026-09-22 12:32:03] inicio _load_dicoms: memoria proceso=91.0 MB -- /home/felipepp/Documents/Archivos_UseApp/DICOM/CatphanHalcyonJunio2026
[2026-09-22 12:32:03] encabezados leidos: memoria proceso=158.9 MB -- 123 corte(s), crudo estimado=61.5 MB
[2026-09-22 12:32:03] umbral evaluado: memoria proceso=158.9 MB -- pico estimado=276.8 MB, RAM libre=37790.1 MB, ruta=estandar
[2026-09-22 12:32:03] _load_standard_volume terminada: memoria proceso=343.7 MB -- volumen_hu dtype=float32
[2026-09-22 12:32:03] fin _load_dicoms: memoria proceso=343.7 MB
[2026-09-22 12:32:03] inicio _load_dicoms: memoria proceso=91.0 MB -- /home/felipepp/Documents/Archivos_UseApp/Catphan
[2026-09-22 12:32:03] encabezados leidos: memoria proceso=244.8 MB -- 278 corte(s), crudo estimado=139.0 MB
[2026-09-22 12:32:03] umbral evaluado: memoria proceso=244.8 MB -- pico estimado=625.5 MB, RAM libre=37562.3 MB, ruta=estandar
[2026-09-22 12:32:03] _load_standard_volume terminada: memoria proceso=662.0 MB -- volumen_hu dtype=float32
[2026-09-22 12:32:03] fin _load_dicoms: memoria proceso=662.0 MB
[2026-09-22 12:32:03] inicio _load_dicoms: memoria proceso=181.6 MB -- /home/felipepp/Documents/Archivos_UseApp/DICOM/CATPHANKV
[2026-09-22 12:32:03] encabezados leidos: memoria proceso=181.7 MB -- 123 corte(s), crudo estimado=61.5 MB
[2026-09-22 12:32:03] umbral evaluado: memoria proceso=181.7 MB -- pico estimado=276.8 MB, RAM libre=37551.5 MB, ruta=estandar
[2026-09-22 12:32:04] _load_standard_volume terminada: memoria proceso=364.6 MB -- volumen_hu dtype=float32
[2026-09-22 12:32:04] fin _load_dicoms: memoria proceso=364.6 MB
[2026-09-22 12:32:04] inicio _load_dicoms: memoria proceso=180.1 MB -- /home/felipepp/Documents/Archivos_UseApp/DICOM/CatphanHalcyonJunio2026
[2026-09-22 12:32:04] encabezados leidos: memoria proceso=180.1 MB -- 123 corte(s), crudo estimado=61.5 MB
[2026-09-22 12:32:04] umbral evaluado: memoria proceso=180.1 MB -- pico estimado=276.8 MB, RAM libre=37452.7 MB, ruta=estandar
[2026-09-22 12:32:04] _load_standard_volume terminada: memoria proceso=364.6 MB -- volumen_hu dtype=float32
[2026-09-22 12:32:04] fin _load_dicoms: memoria proceso=364.6 MB
[2026-09-22 12:32:04] inicio _load_dicoms: memoria proceso=180.1 MB -- /home/felipepp/Documents/Archivos_UseApp/QA Halcyon Catphan
[2026-09-22 12:32:04] encabezados leidos: memoria proceso=180.1 MB -- 122 corte(s), crudo estimado=61.0 MB
[2026-09-22 12:32:04] umbral evaluado: memoria proceso=180.1 MB -- pico estimado=274.5 MB, RAM libre=37339.3 MB, ruta=estandar
[2026-09-22 12:32:04] _load_standard_volume terminada: memoria proceso=423.5 MB -- volumen_hu dtype=float32
[2026-09-22 12:32:04] fin _load_dicoms: memoria proceso=423.5 MB
[2026-09-22 12:32:04] inicio _load_dicoms: memoria proceso=240.5 MB -- /home/felipepp/Documents/Archivos_UseApp/DICOM/Catphandiciembre
[2026-09-22 12:32:04] encabezados leidos: memoria proceso=240.5 MB -- 70 corte(s), crudo estimado=19.7 MB
[2026-09-22 12:32:04] umbral evaluado: memoria proceso=240.5 MB -- pico estimado=88.6 MB, RAM libre=37265.9 MB, ruta=estandar
[2026-09-22 12:32:04] _load_standard_volume terminada: memoria proceso=240.5 MB -- volumen_hu dtype=float32
[2026-09-22 12:32:04] fin _load_dicoms: memoria proceso=240.5 MB
[2026-09-22 12:32:04] inicio _load_dicoms: memoria proceso=240.5 MB -- /home/felipepp/Documents/Archivos_UseApp/Catphan
[2026-09-22 12:32:04] encabezados leidos: memoria proceso=262.7 MB -- 278 corte(s), crudo estimado=139.0 MB
[2026-09-22 12:32:04] umbral evaluado: memoria proceso=262.7 MB -- pico estimado=625.5 MB, RAM libre=37265.7 MB, ruta=estandar
[2026-09-22 12:32:05] _load_standard_volume terminada: memoria proceso=679.9 MB -- volumen_hu dtype=float32
[2026-09-22 12:32:05] fin _load_dicoms: memoria proceso=679.9 MB
[2026-09-22 12:32:05] inicio _load_dicoms: memoria proceso=200.4 MB -- /home/felipepp/Documents/Archivos_UseApp/QA tomografo Catphan
[2026-09-22 12:32:05] encabezados leidos: memoria proceso=200.4 MB -- 102 corte(s), crudo estimado=51.0 MB
[2026-09-22 12:32:05] umbral evaluado: memoria proceso=200.4 MB -- pico estimado=229.5 MB, RAM libre=37342.6 MB, ruta=estandar
[2026-09-22 12:32:05] _load_standard_volume terminada: memoria proceso=377.8 MB -- volumen_hu dtype=float32
[2026-09-22 12:32:05] fin _load_dicoms: memoria proceso=377.8 MB
[2026-09-22 12:33:59] inicio _load_dicoms: memoria proceso=144.0 MB -- /home/felipepp/Documents/Archivos_UseApp/DICOM/CatphanHalcyonJunio2026
[2026-09-22 12:33:59] encabezados leidos: memoria proceso=209.9 MB -- 123 corte(s), crudo estimado=61.5 MB
[2026-09-22 12:33:59] umbral evaluado: memoria proceso=209.9 MB -- pico estimado=276.8 MB, RAM libre=37111.0 MB, ruta=estandar
[2026-09-22 12:33:59] _load_standard_volume terminada: memoria proceso=456.0 MB -- volumen_hu dtype=float32
[2026-09-22 12:33:59] fin _load_dicoms: memoria proceso=456.0 MB
[2026-09-22 12:34:02] inicio _load_dicoms: memoria proceso=660.6 MB -- /home/felipepp/Documents/Archivos_UseApp/DICOM/Catphandiciembre
[2026-09-22 12:34:02] encabezados leidos: memoria proceso=660.7 MB -- 70 corte(s), crudo estimado=19.7 MB
[2026-09-22 12:34:02] umbral evaluado: memoria proceso=660.7 MB -- pico estimado=88.6 MB, RAM libre=36487.1 MB, ruta=estandar
[2026-09-22 12:34:02] _load_standard_volume terminada: memoria proceso=660.7 MB -- volumen_hu dtype=float32
[2026-09-22 12:34:02] fin _load_dicoms: memoria proceso=660.7 MB
[2026-09-22 12:35:18] inicio _load_dicoms: memoria proceso=91.5 MB -- /home/felipepp/Documents/Archivos_UseApp/DICOM/CATPHANKV
[2026-09-22 12:35:18] encabezados leidos: memoria proceso=159.4 MB -- 123 corte(s), crudo estimado=61.5 MB
[2026-09-22 12:35:18] umbral evaluado: memoria proceso=159.4 MB -- pico estimado=276.8 MB, RAM libre=37639.7 MB, ruta=estandar
[2026-09-22 12:35:18] _load_standard_volume terminada: memoria proceso=405.6 MB -- volumen_hu dtype=float32
[2026-09-22 12:35:18] fin _load_dicoms: memoria proceso=405.6 MB
[2026-09-22 12:35:18] inicio _load_dicoms: memoria proceso=405.6 MB -- /home/felipepp/Documents/Archivos_UseApp/DICOM/CatphanHalcyonJunio2026
[2026-09-22 12:35:18] encabezados leidos: memoria proceso=409.6 MB -- 123 corte(s), crudo estimado=61.5 MB
[2026-09-22 12:35:18] umbral evaluado: memoria proceso=409.6 MB -- pico estimado=276.8 MB, RAM libre=37263.9 MB, ruta=estandar
[2026-09-22 12:35:18] _load_standard_volume terminada: memoria proceso=594.2 MB -- volumen_hu dtype=float32
[2026-09-22 12:35:18] fin _load_dicoms: memoria proceso=594.2 MB
[2026-09-22 12:35:18] inicio _load_dicoms: memoria proceso=409.7 MB -- /home/felipepp/Documents/Archivos_UseApp/QA Halcyon Catphan
[2026-09-22 12:35:18] encabezados leidos: memoria proceso=409.8 MB -- 122 corte(s), crudo estimado=61.0 MB
[2026-09-22 12:35:18] umbral evaluado: memoria proceso=409.8 MB -- pico estimado=274.5 MB, RAM libre=37204.0 MB, ruta=estandar
[2026-09-22 12:35:19] _load_standard_volume terminada: memoria proceso=592.8 MB -- volumen_hu dtype=float32
[2026-09-22 12:35:19] fin _load_dicoms: memoria proceso=592.8 MB
[2026-09-22 12:35:19] inicio _load_dicoms: memoria proceso=408.3 MB -- /home/felipepp/Documents/Archivos_UseApp/DICOM/Catphandiciembre
[2026-09-22 12:35:19] encabezados leidos: memoria proceso=408.3 MB -- 70 corte(s), crudo estimado=19.7 MB
[2026-09-22 12:35:19] umbral evaluado: memoria proceso=408.3 MB -- pico estimado=88.6 MB, RAM libre=37211.5 MB, ruta=estandar
[2026-09-22 12:35:19] _load_standard_volume terminada: memoria proceso=447.7 MB -- volumen_hu dtype=float32
[2026-09-22 12:35:19] fin _load_dicoms: memoria proceso=447.7 MB
[2026-09-22 12:35:19] inicio _load_dicoms: memoria proceso=264.7 MB -- /home/felipepp/Documents/Archivos_UseApp/Catphan
[2026-09-22 12:35:19] encabezados leidos: memoria proceso=327.5 MB -- 278 corte(s), crudo estimado=139.0 MB
[2026-09-22 12:35:19] umbral evaluado: memoria proceso=327.5 MB -- pico estimado=625.5 MB, RAM libre=37337.6 MB, ruta=estandar
[2026-09-22 12:35:19] _load_standard_volume terminada: memoria proceso=745.0 MB -- volumen_hu dtype=float32
[2026-09-22 12:35:19] fin _load_dicoms: memoria proceso=745.0 MB
[2026-09-22 12:35:19] inicio _load_dicoms: memoria proceso=705.6 MB -- /home/felipepp/Documents/Archivos_UseApp/QA tomografo Catphan
[2026-09-22 12:35:19] encabezados leidos: memoria proceso=718.0 MB -- 102 corte(s), crudo estimado=51.0 MB
[2026-09-22 12:35:19] umbral evaluado: memoria proceso=718.0 MB -- pico estimado=229.5 MB, RAM libre=36859.9 MB, ruta=estandar
[2026-09-22 12:35:19] _load_standard_volume terminada: memoria proceso=871.2 MB -- volumen_hu dtype=float32
[2026-09-22 12:35:19] fin _load_dicoms: memoria proceso=871.2 MB
[2026-09-22 12:35:24] _load_standard_volume terminada: memoria proceso=360.6 MB -- volumen_hu dtype=float32
[2026-09-22 12:35:25] _load_large_volume terminada: memoria proceso=611.9 MB -- volumen_hu dtype=float32
[2026-09-22 12:35:25] inicio _load_dicoms: memoria proceso=91.2 MB -- /home/felipepp/Documents/Archivos_UseApp/DICOM/CatphanHalcyonJunio2026
[2026-09-22 12:35:25] encabezados leidos: memoria proceso=159.1 MB -- 123 corte(s), crudo estimado=61.5 MB
[2026-09-22 12:35:25] umbral evaluado: memoria proceso=159.1 MB -- pico estimado=276.8 MB, RAM libre=37159.8 MB, ruta=estandar
[2026-09-22 12:35:25] _load_standard_volume terminada: memoria proceso=344.0 MB -- volumen_hu dtype=float32
[2026-09-22 12:35:25] fin _load_dicoms: memoria proceso=344.0 MB
[2026-09-22 12:35:25] inicio _load_dicoms: memoria proceso=91.2 MB -- /home/felipepp/Documents/Archivos_UseApp/Catphan
[2026-09-22 12:35:26] encabezados leidos: memoria proceso=245.5 MB -- 278 corte(s), crudo estimado=139.0 MB
[2026-09-22 12:35:26] umbral evaluado: memoria proceso=245.5 MB -- pico estimado=625.5 MB, RAM libre=36898.2 MB, ruta=estandar
[2026-09-22 12:35:26] _load_standard_volume terminada: memoria proceso=662.7 MB -- volumen_hu dtype=float32
[2026-09-22 12:35:26] fin _load_dicoms: memoria proceso=662.7 MB
[2026-09-22 12:35:26] inicio _load_dicoms: memoria proceso=180.6 MB -- /home/felipepp/Documents/Archivos_UseApp/DICOM/CATPHANKV
[2026-09-22 12:35:26] encabezados leidos: memoria proceso=180.6 MB -- 123 corte(s), crudo estimado=61.5 MB
[2026-09-22 12:35:26] umbral evaluado: memoria proceso=180.6 MB -- pico estimado=276.8 MB, RAM libre=36887.9 MB, ruta=estandar
[2026-09-22 12:35:26] _load_standard_volume terminada: memoria proceso=365.1 MB -- volumen_hu dtype=float32
[2026-09-22 12:35:26] fin _load_dicoms: memoria proceso=365.1 MB
[2026-09-22 12:35:26] inicio _load_dicoms: memoria proceso=180.6 MB -- /home/felipepp/Documents/Archivos_UseApp/DICOM/CatphanHalcyonJunio2026
[2026-09-22 12:35:26] encabezados leidos: memoria proceso=179.6 MB -- 123 corte(s), crudo estimado=61.5 MB
[2026-09-22 12:35:26] umbral evaluado: memoria proceso=179.6 MB -- pico estimado=276.8 MB, RAM libre=36767.5 MB, ruta=estandar
[2026-09-22 12:35:26] _load_standard_volume terminada: memoria proceso=364.1 MB -- volumen_hu dtype=float32
[2026-09-22 12:35:26] fin _load_dicoms: memoria proceso=364.1 MB
[2026-09-22 12:35:26] inicio _load_dicoms: memoria proceso=179.6 MB -- /home/felipepp/Documents/Archivos_UseApp/QA Halcyon Catphan
[2026-09-22 12:35:26] encabezados leidos: memoria proceso=179.6 MB -- 122 corte(s), crudo estimado=61.0 MB
[2026-09-22 12:35:26] umbral evaluado: memoria proceso=179.6 MB -- pico estimado=274.5 MB, RAM libre=36774.4 MB, ruta=estandar
[2026-09-22 12:35:26] _load_standard_volume terminada: memoria proceso=423.0 MB -- volumen_hu dtype=float32
[2026-09-22 12:35:26] fin _load_dicoms: memoria proceso=423.0 MB
[2026-09-22 12:35:27] inicio _load_dicoms: memoria proceso=240.0 MB -- /home/felipepp/Documents/Archivos_UseApp/DICOM/Catphandiciembre
[2026-09-22 12:35:27] encabezados leidos: memoria proceso=240.0 MB -- 70 corte(s), crudo estimado=19.7 MB
[2026-09-22 12:35:27] umbral evaluado: memoria proceso=240.0 MB -- pico estimado=88.6 MB, RAM libre=36735.3 MB, ruta=estandar
[2026-09-22 12:35:27] _load_standard_volume terminada: memoria proceso=240.0 MB -- volumen_hu dtype=float32
[2026-09-22 12:35:27] fin _load_dicoms: memoria proceso=240.0 MB
[2026-09-22 12:35:27] inicio _load_dicoms: memoria proceso=240.0 MB -- /home/felipepp/Documents/Archivos_UseApp/Catphan
[2026-09-22 12:35:27] encabezados leidos: memoria proceso=263.2 MB -- 278 corte(s), crudo estimado=139.0 MB
[2026-09-22 12:35:27] umbral evaluado: memoria proceso=263.2 MB -- pico estimado=625.5 MB, RAM libre=36771.9 MB, ruta=estandar
[2026-09-22 12:35:27] _load_standard_volume terminada: memoria proceso=680.3 MB -- volumen_hu dtype=float32
[2026-09-22 12:35:27] fin _load_dicoms: memoria proceso=680.3 MB
[2026-09-22 12:35:27] inicio _load_dicoms: memoria proceso=199.8 MB -- /home/felipepp/Documents/Archivos_UseApp/QA tomografo Catphan
[2026-09-22 12:35:27] encabezados leidos: memoria proceso=199.8 MB -- 102 corte(s), crudo estimado=51.0 MB
[2026-09-22 12:35:27] umbral evaluado: memoria proceso=199.8 MB -- pico estimado=229.5 MB, RAM libre=36653.2 MB, ruta=estandar
[2026-09-22 12:35:27] _load_standard_volume terminada: memoria proceso=376.7 MB -- volumen_hu dtype=float32
[2026-09-22 12:35:27] fin _load_dicoms: memoria proceso=376.7 MB
[2026-09-22 12:35:28] inicio _load_dicoms: memoria proceso=240.2 MB -- /home/felipepp/Documents/Archivos_UseApp/DICOM/CatphanHalcyonJunio2026
[2026-09-22 12:35:28] encabezados leidos: memoria proceso=244.2 MB -- 123 corte(s), crudo estimado=61.5 MB
[2026-09-22 12:35:28] umbral evaluado: memoria proceso=244.2 MB -- pico estimado=276.8 MB, RAM libre=36668.6 MB, ruta=estandar
[2026-09-22 12:35:28] _load_standard_volume terminada: memoria proceso=395.8 MB -- volumen_hu dtype=float32
[2026-09-22 12:35:28] fin _load_dicoms: memoria proceso=395.8 MB
[2026-09-22 12:35:31] inicio _load_dicoms: memoria proceso=895.0 MB -- /home/felipepp/Documents/Archivos_UseApp/DICOM/Catphandiciembre
[2026-09-22 12:35:31] encabezados leidos: memoria proceso=895.2 MB -- 70 corte(s), crudo estimado=19.7 MB
[2026-09-22 12:35:31] umbral evaluado: memoria proceso=895.2 MB -- pico estimado=88.6 MB, RAM libre=36566.2 MB, ruta=estandar
[2026-09-22 12:35:31] _load_standard_volume terminada: memoria proceso=895.3 MB -- volumen_hu dtype=float32
[2026-09-22 12:35:31] fin _load_dicoms: memoria proceso=895.3 MB
[2026-09-22 12:35:33] _load_standard_volume terminada: memoria proceso=360.6 MB -- volumen_hu dtype=float32
[2026-09-22 12:35:33] _load_large_volume terminada: memoria proceso=611.9 MB -- volumen_hu dtype=float32
[2026-09-22 12:35:33] inicio _load_dicoms: memoria proceso=91.2 MB -- /home/felipepp/Documents/Archivos_UseApp/DICOM/CatphanHalcyonJunio2026
[2026-09-22 12:35:33] encabezados leidos: memoria proceso=159.1 MB -- 123 corte(s), crudo estimado=61.5 MB
[2026-09-22 12:35:33] umbral evaluado: memoria proceso=159.1 MB -- pico estimado=276.8 MB, RAM libre=37087.0 MB, ruta=estandar
[2026-09-22 12:35:33] _load_standard_volume terminada: memoria proceso=344.0 MB -- volumen_hu dtype=float32
[2026-09-22 12:35:33] fin _load_dicoms: memoria proceso=344.0 MB
[2026-09-22 12:35:34] inicio _load_dicoms: memoria proceso=91.2 MB -- /home/felipepp/Documents/Archivos_UseApp/Catphan
[2026-09-22 12:35:34] encabezados leidos: memoria proceso=245.0 MB -- 278 corte(s), crudo estimado=139.0 MB
[2026-09-22 12:35:34] umbral evaluado: memoria proceso=245.0 MB -- pico estimado=625.5 MB, RAM libre=36917.1 MB, ruta=estandar
[2026-09-22 12:35:34] _load_standard_volume terminada: memoria proceso=662.1 MB -- volumen_hu dtype=float32
[2026-09-22 12:35:34] fin _load_dicoms: memoria proceso=662.1 MB
[2026-09-22 12:35:34] inicio _load_dicoms: memoria proceso=178.6 MB -- /home/felipepp/Documents/Archivos_UseApp/DICOM/CATPHANKV
[2026-09-22 12:35:34] encabezados leidos: memoria proceso=178.7 MB -- 123 corte(s), crudo estimado=61.5 MB
[2026-09-22 12:35:34] umbral evaluado: memoria proceso=178.7 MB -- pico estimado=276.8 MB, RAM libre=36998.7 MB, ruta=estandar
[2026-09-22 12:35:34] _load_standard_volume terminada: memoria proceso=363.2 MB -- volumen_hu dtype=float32
[2026-09-22 12:35:34] fin _load_dicoms: memoria proceso=363.2 MB
[2026-09-22 12:35:34] inicio _load_dicoms: memoria proceso=178.7 MB -- /home/felipepp/Documents/Archivos_UseApp/DICOM/CatphanHalcyonJunio2026
[2026-09-22 12:35:35] encabezados leidos: memoria proceso=178.7 MB -- 123 corte(s), crudo estimado=61.5 MB
[2026-09-22 12:35:35] umbral evaluado: memoria proceso=178.7 MB -- pico estimado=276.8 MB, RAM libre=36942.4 MB, ruta=estandar
[2026-09-22 12:35:35] _load_standard_volume terminada: memoria proceso=363.2 MB -- volumen_hu dtype=float32
[2026-09-22 12:35:35] fin _load_dicoms: memoria proceso=363.2 MB
[2026-09-22 12:35:35] inicio _load_dicoms: memoria proceso=178.7 MB -- /home/felipepp/Documents/Archivos_UseApp/QA Halcyon Catphan
[2026-09-22 12:35:35] encabezados leidos: memoria proceso=178.7 MB -- 122 corte(s), crudo estimado=61.0 MB
[2026-09-22 12:35:35] umbral evaluado: memoria proceso=178.7 MB -- pico estimado=274.5 MB, RAM libre=36947.7 MB, ruta=estandar
[2026-09-22 12:35:35] _load_standard_volume terminada: memoria proceso=422.0 MB -- volumen_hu dtype=float32
[2026-09-22 12:35:35] fin _load_dicoms: memoria proceso=422.0 MB
[2026-09-22 12:35:35] inicio _load_dicoms: memoria proceso=239.0 MB -- /home/felipepp/Documents/Archivos_UseApp/DICOM/Catphandiciembre
[2026-09-22 12:35:35] encabezados leidos: memoria proceso=239.0 MB -- 70 corte(s), crudo estimado=19.7 MB
[2026-09-22 12:35:35] umbral evaluado: memoria proceso=239.0 MB -- pico estimado=88.6 MB, RAM libre=36907.4 MB, ruta=estandar
[2026-09-22 12:35:35] _load_standard_volume terminada: memoria proceso=239.0 MB -- volumen_hu dtype=float32
[2026-09-22 12:35:35] fin _load_dicoms: memoria proceso=239.0 MB
[2026-09-22 12:35:35] inicio _load_dicoms: memoria proceso=239.0 MB -- /home/felipepp/Documents/Archivos_UseApp/Catphan
[2026-09-22 12:35:35] encabezados leidos: memoria proceso=263.2 MB -- 278 corte(s), crudo estimado=139.0 MB
[2026-09-22 12:35:35] umbral evaluado: memoria proceso=263.2 MB -- pico estimado=625.5 MB, RAM libre=36909.6 MB, ruta=estandar
[2026-09-22 12:35:36] _load_standard_volume terminada: memoria proceso=680.3 MB -- volumen_hu dtype=float32
[2026-09-22 12:35:36] fin _load_dicoms: memoria proceso=680.3 MB
[2026-09-22 12:35:36] inicio _load_dicoms: memoria proceso=199.8 MB -- /home/felipepp/Documents/Archivos_UseApp/QA tomografo Catphan
[2026-09-22 12:35:36] encabezados leidos: memoria proceso=199.8 MB -- 102 corte(s), crudo estimado=51.0 MB
[2026-09-22 12:35:36] umbral evaluado: memoria proceso=199.8 MB -- pico estimado=229.5 MB, RAM libre=36872.2 MB, ruta=estandar
[2026-09-22 12:35:36] _load_standard_volume terminada: memoria proceso=376.7 MB -- volumen_hu dtype=float32
[2026-09-22 12:35:36] fin _load_dicoms: memoria proceso=376.7 MB
[2026-09-22 12:35:36] inicio _load_dicoms: memoria proceso=240.2 MB -- /home/felipepp/Documents/Archivos_UseApp/DICOM/CatphanHalcyonJunio2026
[2026-09-22 12:35:36] encabezados leidos: memoria proceso=244.5 MB -- 123 corte(s), crudo estimado=61.5 MB
[2026-09-22 12:35:36] umbral evaluado: memoria proceso=244.5 MB -- pico estimado=276.8 MB, RAM libre=37117.1 MB, ruta=estandar
[2026-09-22 12:35:36] _load_standard_volume terminada: memoria proceso=396.4 MB -- volumen_hu dtype=float32
[2026-09-22 12:35:36] fin _load_dicoms: memoria proceso=396.4 MB
[2026-09-22 12:35:39] inicio _load_dicoms: memoria proceso=895.1 MB -- /home/felipepp/Documents/Archivos_UseApp/DICOM/Catphandiciembre
[2026-09-22 12:35:40] encabezados leidos: memoria proceso=895.3 MB -- 70 corte(s), crudo estimado=19.7 MB
[2026-09-22 12:35:40] umbral evaluado: memoria proceso=895.3 MB -- pico estimado=88.6 MB, RAM libre=36855.4 MB, ruta=estandar
[2026-09-22 12:35:40] _load_standard_volume terminada: memoria proceso=895.3 MB -- volumen_hu dtype=float32
[2026-09-22 12:35:40] fin _load_dicoms: memoria proceso=895.3 MB
[2026-09-22 12:35:42] _load_standard_volume terminada: memoria proceso=360.3 MB -- volumen_hu dtype=float32
[2026-09-22 12:35:42] _load_large_volume terminada: memoria proceso=611.7 MB -- volumen_hu dtype=float32
[2026-09-22 12:35:42] inicio _load_dicoms: memoria proceso=91.3 MB -- /home/felipepp/Documents/Archivos_UseApp/DICOM/CatphanHalcyonJunio2026
[2026-09-22 12:35:42] encabezados leidos: memoria proceso=159.2 MB -- 123 corte(s), crudo estimado=61.5 MB
[2026-09-22 12:35:42] umbral evaluado: memoria proceso=159.2 MB -- pico estimado=276.8 MB, RAM libre=37152.6 MB, ruta=estandar
[2026-09-22 12:35:42] _load_standard_volume terminada: memoria proceso=344.0 MB -- volumen_hu dtype=float32
[2026-09-22 12:35:42] fin _load_dicoms: memoria proceso=344.0 MB
[2026-09-22 12:35:42] inicio _load_dicoms: memoria proceso=91.3 MB -- /home/felipepp/Documents/Archivos_UseApp/Catphan
[2026-09-22 12:35:43] encabezados leidos: memoria proceso=245.6 MB -- 278 corte(s), crudo estimado=139.0 MB
[2026-09-22 12:35:43] umbral evaluado: memoria proceso=245.6 MB -- pico estimado=625.5 MB, RAM libre=36900.6 MB, ruta=estandar
[2026-09-22 12:35:43] _load_standard_volume terminada: memoria proceso=662.8 MB -- volumen_hu dtype=float32
[2026-09-22 12:35:43] fin _load_dicoms: memoria proceso=662.8 MB
[2026-09-22 12:35:43] inicio _load_dicoms: memoria proceso=179.4 MB -- /home/felipepp/Documents/Archivos_UseApp/DICOM/CATPHANKV
[2026-09-22 12:35:43] encabezados leidos: memoria proceso=179.4 MB -- 123 corte(s), crudo estimado=61.5 MB
[2026-09-22 12:35:43] umbral evaluado: memoria proceso=179.4 MB -- pico estimado=276.8 MB, RAM libre=36967.8 MB, ruta=estandar
[2026-09-22 12:35:43] _load_standard_volume terminada: memoria proceso=363.9 MB -- volumen_hu dtype=float32
[2026-09-22 12:35:43] fin _load_dicoms: memoria proceso=363.9 MB
[2026-09-22 12:35:43] inicio _load_dicoms: memoria proceso=179.4 MB -- /home/felipepp/Documents/Archivos_UseApp/DICOM/CatphanHalcyonJunio2026
[2026-09-22 12:35:43] encabezados leidos: memoria proceso=179.4 MB -- 123 corte(s), crudo estimado=61.5 MB
[2026-09-22 12:35:43] umbral evaluado: memoria proceso=179.4 MB -- pico estimado=276.8 MB, RAM libre=37004.1 MB, ruta=estandar
[2026-09-22 12:35:43] _load_standard_volume terminada: memoria proceso=363.9 MB -- volumen_hu dtype=float32
[2026-09-22 12:35:43] fin _load_dicoms: memoria proceso=363.9 MB
[2026-09-22 12:35:43] inicio _load_dicoms: memoria proceso=179.4 MB -- /home/felipepp/Documents/Archivos_UseApp/QA Halcyon Catphan
[2026-09-22 12:35:44] encabezados leidos: memoria proceso=179.4 MB -- 122 corte(s), crudo estimado=61.0 MB
[2026-09-22 12:35:44] umbral evaluado: memoria proceso=179.4 MB -- pico estimado=274.5 MB, RAM libre=36942.2 MB, ruta=estandar
[2026-09-22 12:35:44] _load_standard_volume terminada: memoria proceso=422.8 MB -- volumen_hu dtype=float32
[2026-09-22 12:35:44] fin _load_dicoms: memoria proceso=422.8 MB
[2026-09-22 12:35:44] inicio _load_dicoms: memoria proceso=239.8 MB -- /home/felipepp/Documents/Archivos_UseApp/DICOM/Catphandiciembre
[2026-09-22 12:35:44] encabezados leidos: memoria proceso=239.8 MB -- 70 corte(s), crudo estimado=19.7 MB
[2026-09-22 12:35:44] umbral evaluado: memoria proceso=239.8 MB -- pico estimado=88.6 MB, RAM libre=36895.2 MB, ruta=estandar
[2026-09-22 12:35:44] _load_standard_volume terminada: memoria proceso=239.8 MB -- volumen_hu dtype=float32
[2026-09-22 12:35:44] fin _load_dicoms: memoria proceso=239.8 MB
[2026-09-22 12:35:44] inicio _load_dicoms: memoria proceso=239.8 MB -- /home/felipepp/Documents/Archivos_UseApp/Catphan
[2026-09-22 12:35:44] encabezados leidos: memoria proceso=263.0 MB -- 278 corte(s), crudo estimado=139.0 MB
[2026-09-22 12:35:44] umbral evaluado: memoria proceso=263.0 MB -- pico estimado=625.5 MB, RAM libre=36904.7 MB, ruta=estandar
[2026-09-22 12:35:44] _load_standard_volume terminada: memoria proceso=680.1 MB -- volumen_hu dtype=float32
[2026-09-22 12:35:44] fin _load_dicoms: memoria proceso=680.1 MB
[2026-09-22 12:35:44] inicio _load_dicoms: memoria proceso=199.6 MB -- /home/felipepp/Documents/Archivos_UseApp/QA tomografo Catphan
[2026-09-22 12:35:44] encabezados leidos: memoria proceso=199.7 MB -- 102 corte(s), crudo estimado=51.0 MB
[2026-09-22 12:35:44] umbral evaluado: memoria proceso=199.7 MB -- pico estimado=229.5 MB, RAM libre=36903.3 MB, ruta=estandar
[2026-09-22 12:35:45] _load_standard_volume terminada: memoria proceso=376.5 MB -- volumen_hu dtype=float32
[2026-09-22 12:35:45] fin _load_dicoms: memoria proceso=376.5 MB
[2026-09-22 12:35:45] inicio _load_dicoms: memoria proceso=240.1 MB -- /home/felipepp/Documents/Archivos_UseApp/DICOM/CatphanHalcyonJunio2026
[2026-09-22 12:35:45] encabezados leidos: memoria proceso=244.8 MB -- 123 corte(s), crudo estimado=61.5 MB
[2026-09-22 12:35:45] umbral evaluado: memoria proceso=244.8 MB -- pico estimado=276.8 MB, RAM libre=36904.4 MB, ruta=estandar
[2026-09-22 12:35:45] _load_standard_volume terminada: memoria proceso=396.4 MB -- volumen_hu dtype=float32
[2026-09-22 12:35:45] fin _load_dicoms: memoria proceso=396.4 MB
[2026-09-22 12:35:48] inicio _load_dicoms: memoria proceso=894.9 MB -- /home/felipepp/Documents/Archivos_UseApp/DICOM/Catphandiciembre
[2026-09-22 12:35:48] encabezados leidos: memoria proceso=894.9 MB -- 70 corte(s), crudo estimado=19.7 MB
[2026-09-22 12:35:48] umbral evaluado: memoria proceso=894.9 MB -- pico estimado=88.6 MB, RAM libre=36436.9 MB, ruta=estandar
[2026-09-22 12:35:48] _load_standard_volume terminada: memoria proceso=895.0 MB -- volumen_hu dtype=float32
[2026-09-22 12:35:48] fin _load_dicoms: memoria proceso=895.0 MB
[2026-09-22 12:42:40] _load_standard_volume terminada: memoria proceso=360.5 MB -- volumen_hu dtype=float32
[2026-09-22 12:42:41] _load_large_volume terminada: memoria proceso=611.8 MB -- volumen_hu dtype=float32
[2026-09-22 12:42:41] inicio _load_dicoms: memoria proceso=91.3 MB -- /home/felipepp/Documents/Archivos_UseApp/DICOM/CatphanHalcyonJunio2026
[2026-09-22 12:42:41] encabezados leidos: memoria proceso=159.2 MB -- 123 corte(s), crudo estimado=61.5 MB
[2026-09-22 12:42:41] umbral evaluado: memoria proceso=159.2 MB -- pico estimado=276.8 MB, RAM libre=36760.8 MB, ruta=estandar
[2026-09-22 12:42:41] _load_standard_volume terminada: memoria proceso=344.1 MB -- volumen_hu dtype=float32
[2026-09-22 12:42:41] fin _load_dicoms: memoria proceso=344.1 MB
[2026-09-22 12:42:41] inicio _load_dicoms: memoria proceso=91.2 MB -- /home/felipepp/Documents/Archivos_UseApp/Catphan
[2026-09-22 12:42:41] encabezados leidos: memoria proceso=245.5 MB -- 278 corte(s), crudo estimado=139.0 MB
[2026-09-22 12:42:41] umbral evaluado: memoria proceso=245.5 MB -- pico estimado=625.5 MB, RAM libre=36614.5 MB, ruta=estandar
[2026-09-22 12:42:42] _load_standard_volume terminada: memoria proceso=662.7 MB -- volumen_hu dtype=float32
[2026-09-22 12:42:42] fin _load_dicoms: memoria proceso=662.7 MB
[2026-09-22 12:42:42] inicio _load_dicoms: memoria proceso=180.3 MB -- /home/felipepp/Documents/Archivos_UseApp/DICOM/CATPHANKV
[2026-09-22 12:42:42] encabezados leidos: memoria proceso=180.3 MB -- 123 corte(s), crudo estimado=61.5 MB
[2026-09-22 12:42:42] umbral evaluado: memoria proceso=180.3 MB -- pico estimado=276.8 MB, RAM libre=36719.6 MB, ruta=estandar
[2026-09-22 12:42:42] _load_standard_volume terminada: memoria proceso=364.8 MB -- volumen_hu dtype=float32
[2026-09-22 12:42:42] fin _load_dicoms: memoria proceso=364.8 MB
[2026-09-22 12:42:42] inicio _load_dicoms: memoria proceso=180.3 MB -- /home/felipepp/Documents/Archivos_UseApp/DICOM/CatphanHalcyonJunio2026
[2026-09-22 12:42:42] encabezados leidos: memoria proceso=180.3 MB -- 123 corte(s), crudo estimado=61.5 MB
[2026-09-22 12:42:42] umbral evaluado: memoria proceso=180.3 MB -- pico estimado=276.8 MB, RAM libre=36674.2 MB, ruta=estandar
[2026-09-22 12:42:42] _load_standard_volume terminada: memoria proceso=364.8 MB -- volumen_hu dtype=float32
[2026-09-22 12:42:42] fin _load_dicoms: memoria proceso=364.8 MB
[2026-09-22 12:42:42] inicio _load_dicoms: memoria proceso=180.3 MB -- /home/felipepp/Documents/Archivos_UseApp/QA Halcyon Catphan
[2026-09-22 12:42:42] encabezados leidos: memoria proceso=180.3 MB -- 122 corte(s), crudo estimado=61.0 MB
[2026-09-22 12:42:42] umbral evaluado: memoria proceso=180.3 MB -- pico estimado=274.5 MB, RAM libre=36586.6 MB, ruta=estandar
[2026-09-22 12:42:42] _load_standard_volume terminada: memoria proceso=423.7 MB -- volumen_hu dtype=float32
[2026-09-22 12:42:42] fin _load_dicoms: memoria proceso=423.7 MB
[2026-09-22 12:42:42] inicio _load_dicoms: memoria proceso=240.7 MB -- /home/felipepp/Documents/Archivos_UseApp/DICOM/Catphandiciembre
[2026-09-22 12:42:42] encabezados leidos: memoria proceso=240.7 MB -- 70 corte(s), crudo estimado=19.7 MB
[2026-09-22 12:42:42] umbral evaluado: memoria proceso=240.7 MB -- pico estimado=88.6 MB, RAM libre=36472.1 MB, ruta=estandar
[2026-09-22 12:42:43] _load_standard_volume terminada: memoria proceso=240.7 MB -- volumen_hu dtype=float32
[2026-09-22 12:42:43] fin _load_dicoms: memoria proceso=240.7 MB
[2026-09-22 12:42:43] inicio _load_dicoms: memoria proceso=240.7 MB -- /home/felipepp/Documents/Archivos_UseApp/Catphan
[2026-09-22 12:42:43] encabezados leidos: memoria proceso=263.4 MB -- 278 corte(s), crudo estimado=139.0 MB
[2026-09-22 12:42:43] umbral evaluado: memoria proceso=263.4 MB -- pico estimado=625.5 MB, RAM libre=36472.5 MB, ruta=estandar
[2026-09-22 12:42:43] _load_standard_volume terminada: memoria proceso=680.5 MB -- volumen_hu dtype=float32
[2026-09-22 12:42:43] fin _load_dicoms: memoria proceso=680.5 MB
[2026-09-22 12:42:43] inicio _load_dicoms: memoria proceso=201.0 MB -- /home/felipepp/Documents/Archivos_UseApp/QA tomografo Catphan
[2026-09-22 12:42:43] encabezados leidos: memoria proceso=201.0 MB -- 102 corte(s), crudo estimado=51.0 MB
[2026-09-22 12:42:43] umbral evaluado: memoria proceso=201.0 MB -- pico estimado=229.5 MB, RAM libre=36497.5 MB, ruta=estandar
[2026-09-22 12:42:43] _load_standard_volume terminada: memoria proceso=377.9 MB -- volumen_hu dtype=float32
[2026-09-22 12:42:43] fin _load_dicoms: memoria proceso=377.9 MB
[2026-09-22 12:42:43] inicio _load_dicoms: memoria proceso=240.4 MB -- /home/felipepp/Documents/Archivos_UseApp/DICOM/CatphanHalcyonJunio2026
[2026-09-22 12:42:44] encabezados leidos: memoria proceso=245.1 MB -- 123 corte(s), crudo estimado=61.5 MB
[2026-09-22 12:42:44] umbral evaluado: memoria proceso=245.1 MB -- pico estimado=276.8 MB, RAM libre=36494.1 MB, ruta=estandar
[2026-09-22 12:42:44] _load_standard_volume terminada: memoria proceso=396.3 MB -- volumen_hu dtype=float32
[2026-09-22 12:42:44] fin _load_dicoms: memoria proceso=396.3 MB
[2026-09-22 12:42:47] inicio _load_dicoms: memoria proceso=895.1 MB -- /home/felipepp/Documents/Archivos_UseApp/DICOM/Catphandiciembre
[2026-09-22 12:42:47] encabezados leidos: memoria proceso=895.2 MB -- 70 corte(s), crudo estimado=19.7 MB
[2026-09-22 12:42:47] umbral evaluado: memoria proceso=895.2 MB -- pico estimado=88.6 MB, RAM libre=36108.5 MB, ruta=estandar
[2026-09-22 12:42:47] _load_standard_volume terminada: memoria proceso=895.2 MB -- volumen_hu dtype=float32
[2026-09-22 12:42:47] fin _load_dicoms: memoria proceso=895.2 MB
[2026-09-22 12:42:48] _load_standard_volume terminada: memoria proceso=360.5 MB -- volumen_hu dtype=float32
[2026-09-22 12:42:49] _load_large_volume terminada: memoria proceso=611.7 MB -- volumen_hu dtype=float32
[2026-09-22 12:42:49] inicio _load_dicoms: memoria proceso=91.2 MB -- /home/felipepp/Documents/Archivos_UseApp/DICOM/CatphanHalcyonJunio2026
[2026-09-22 12:42:49] encabezados leidos: memoria proceso=159.1 MB -- 123 corte(s), crudo estimado=61.5 MB
[2026-09-22 12:42:49] umbral evaluado: memoria proceso=159.1 MB -- pico estimado=276.8 MB, RAM libre=36827.2 MB, ruta=estandar
[2026-09-22 12:42:49] _load_standard_volume terminada: memoria proceso=344.0 MB -- volumen_hu dtype=float32
[2026-09-22 12:42:49] fin _load_dicoms: memoria proceso=344.0 MB
[2026-09-22 12:42:49] inicio _load_dicoms: memoria proceso=91.2 MB -- /home/felipepp/Documents/Archivos_UseApp/Catphan
[2026-09-22 12:42:49] encabezados leidos: memoria proceso=245.5 MB -- 278 corte(s), crudo estimado=139.0 MB
[2026-09-22 12:42:49] umbral evaluado: memoria proceso=245.5 MB -- pico estimado=625.5 MB, RAM libre=36573.2 MB, ruta=estandar
[2026-09-22 12:42:50] _load_standard_volume terminada: memoria proceso=662.7 MB -- volumen_hu dtype=float32
[2026-09-22 12:42:50] fin _load_dicoms: memoria proceso=662.7 MB
[2026-09-22 12:42:50] inicio _load_dicoms: memoria proceso=178.3 MB -- /home/felipepp/Documents/Archivos_UseApp/DICOM/CATPHANKV
[2026-09-22 12:42:50] encabezados leidos: memoria proceso=178.3 MB -- 123 corte(s), crudo estimado=61.5 MB
[2026-09-22 12:42:50] umbral evaluado: memoria proceso=178.3 MB -- pico estimado=276.8 MB, RAM libre=36578.1 MB, ruta=estandar
[2026-09-22 12:42:50] _load_standard_volume terminada: memoria proceso=362.8 MB -- volumen_hu dtype=float32
[2026-09-22 12:42:50] fin _load_dicoms: memoria proceso=362.8 MB
[2026-09-22 12:42:50] inicio _load_dicoms: memoria proceso=178.3 MB -- /home/felipepp/Documents/Archivos_UseApp/DICOM/CatphanHalcyonJunio2026
[2026-09-22 12:42:50] encabezados leidos: memoria proceso=178.3 MB -- 123 corte(s), crudo estimado=61.5 MB
[2026-09-22 12:42:50] umbral evaluado: memoria proceso=178.3 MB -- pico estimado=276.8 MB, RAM libre=36594.9 MB, ruta=estandar
[2026-09-22 12:42:50] _load_standard_volume terminada: memoria proceso=362.8 MB -- volumen_hu dtype=float32
[2026-09-22 12:42:50] fin _load_dicoms: memoria proceso=362.8 MB
[2026-09-22 12:42:50] inicio _load_dicoms: memoria proceso=178.3 MB -- /home/felipepp/Documents/Archivos_UseApp/QA Halcyon Catphan
[2026-09-22 12:42:50] encabezados leidos: memoria proceso=178.3 MB -- 122 corte(s), crudo estimado=61.0 MB
[2026-09-22 12:42:50] umbral evaluado: memoria proceso=178.3 MB -- pico estimado=274.5 MB, RAM libre=36575.1 MB, ruta=estandar
[2026-09-22 12:42:50] _load_standard_volume terminada: memoria proceso=421.7 MB -- volumen_hu dtype=float32
[2026-09-22 12:42:50] fin _load_dicoms: memoria proceso=421.7 MB
[2026-09-22 12:42:50] inicio _load_dicoms: memoria proceso=238.7 MB -- /home/felipepp/Documents/Archivos_UseApp/DICOM/Catphandiciembre
[2026-09-22 12:42:50] encabezados leidos: memoria proceso=238.7 MB -- 70 corte(s), crudo estimado=19.7 MB
[2026-09-22 12:42:50] umbral evaluado: memoria proceso=238.7 MB -- pico estimado=88.6 MB, RAM libre=36508.1 MB, ruta=estandar
[2026-09-22 12:42:50] _load_standard_volume terminada: memoria proceso=238.7 MB -- volumen_hu dtype=float32
[2026-09-22 12:42:50] fin _load_dicoms: memoria proceso=238.7 MB
[2026-09-22 12:42:51] inicio _load_dicoms: memoria proceso=238.7 MB -- /home/felipepp/Documents/Archivos_UseApp/Catphan
[2026-09-22 12:42:51] encabezados leidos: memoria proceso=263.4 MB -- 278 corte(s), crudo estimado=139.0 MB
[2026-09-22 12:42:51] umbral evaluado: memoria proceso=263.4 MB -- pico estimado=625.5 MB, RAM libre=36507.6 MB, ruta=estandar
[2026-09-22 12:42:51] _load_standard_volume terminada: memoria proceso=680.5 MB -- volumen_hu dtype=float32
[2026-09-22 12:42:51] fin _load_dicoms: memoria proceso=680.5 MB
[2026-09-22 12:42:51] inicio _load_dicoms: memoria proceso=199.0 MB -- /home/felipepp/Documents/Archivos_UseApp/QA tomografo Catphan
[2026-09-22 12:42:51] encabezados leidos: memoria proceso=199.0 MB -- 102 corte(s), crudo estimado=51.0 MB
[2026-09-22 12:42:51] umbral evaluado: memoria proceso=199.0 MB -- pico estimado=229.5 MB, RAM libre=36552.5 MB, ruta=estandar
[2026-09-22 12:42:51] _load_standard_volume terminada: memoria proceso=375.9 MB -- volumen_hu dtype=float32
[2026-09-22 12:42:51] fin _load_dicoms: memoria proceso=375.9 MB
[2026-09-22 12:42:51] inicio _load_dicoms: memoria proceso=240.5 MB -- /home/felipepp/Documents/Archivos_UseApp/DICOM/CatphanHalcyonJunio2026
[2026-09-22 12:42:52] encabezados leidos: memoria proceso=244.8 MB -- 123 corte(s), crudo estimado=61.5 MB
[2026-09-22 12:42:52] umbral evaluado: memoria proceso=244.8 MB -- pico estimado=276.8 MB, RAM libre=36536.3 MB, ruta=estandar
[2026-09-22 12:42:52] _load_standard_volume terminada: memoria proceso=396.1 MB -- volumen_hu dtype=float32
[2026-09-22 12:42:52] fin _load_dicoms: memoria proceso=396.1 MB
[2026-09-22 12:42:55] inicio _load_dicoms: memoria proceso=804.7 MB -- /home/felipepp/Documents/Archivos_UseApp/DICOM/Catphandiciembre
[2026-09-22 12:42:55] encabezados leidos: memoria proceso=804.8 MB -- 70 corte(s), crudo estimado=19.7 MB
[2026-09-22 12:42:55] umbral evaluado: memoria proceso=804.8 MB -- pico estimado=88.6 MB, RAM libre=36262.1 MB, ruta=estandar
[2026-09-22 12:42:55] _load_standard_volume terminada: memoria proceso=804.8 MB -- volumen_hu dtype=float32
[2026-09-22 12:42:55] fin _load_dicoms: memoria proceso=804.8 MB
[2026-09-22 12:42:56] _load_standard_volume terminada: memoria proceso=360.4 MB -- volumen_hu dtype=float32
[2026-09-22 12:42:57] _load_large_volume terminada: memoria proceso=611.7 MB -- volumen_hu dtype=float32
[2026-09-22 12:42:57] inicio _load_dicoms: memoria proceso=91.2 MB -- /home/felipepp/Documents/Archivos_UseApp/DICOM/CatphanHalcyonJunio2026
[2026-09-22 12:42:57] encabezados leidos: memoria proceso=159.2 MB -- 123 corte(s), crudo estimado=61.5 MB
[2026-09-22 12:42:57] umbral evaluado: memoria proceso=159.2 MB -- pico estimado=276.8 MB, RAM libre=36696.3 MB, ruta=estandar
[2026-09-22 12:42:57] _load_standard_volume terminada: memoria proceso=344.0 MB -- volumen_hu dtype=float32
[2026-09-22 12:42:57] fin _load_dicoms: memoria proceso=344.0 MB
[2026-09-22 12:42:57] inicio _load_dicoms: memoria proceso=91.2 MB -- /home/felipepp/Documents/Archivos_UseApp/Catphan
[2026-09-22 12:42:57] encabezados leidos: memoria proceso=245.1 MB -- 278 corte(s), crudo estimado=139.0 MB
[2026-09-22 12:42:57] umbral evaluado: memoria proceso=245.1 MB -- pico estimado=625.5 MB, RAM libre=36491.3 MB, ruta=estandar
[2026-09-22 12:42:58] _load_standard_volume terminada: memoria proceso=662.3 MB -- volumen_hu dtype=float32
[2026-09-22 12:42:58] fin _load_dicoms: memoria proceso=662.3 MB
[2026-09-22 12:42:58] inicio _load_dicoms: memoria proceso=240.4 MB -- /home/felipepp/Documents/Archivos_UseApp/DICOM/CATPHANKV
[2026-09-22 12:42:58] encabezados leidos: memoria proceso=240.4 MB -- 123 corte(s), crudo estimado=61.5 MB
[2026-09-22 12:42:58] umbral evaluado: memoria proceso=240.4 MB -- pico estimado=276.8 MB, RAM libre=36456.3 MB, ruta=estandar
[2026-09-22 12:42:58] _load_standard_volume terminada: memoria proceso=424.9 MB -- volumen_hu dtype=float32
[2026-09-22 12:42:58] fin _load_dicoms: memoria proceso=424.9 MB
[2026-09-22 12:42:58] inicio _load_dicoms: memoria proceso=240.4 MB -- /home/felipepp/Documents/Archivos_UseApp/DICOM/CatphanHalcyonJunio2026
[2026-09-22 12:42:58] encabezados leidos: memoria proceso=240.4 MB -- 123 corte(s), crudo estimado=61.5 MB
[2026-09-22 12:42:58] umbral evaluado: memoria proceso=240.4 MB -- pico estimado=276.8 MB, RAM libre=36388.7 MB, ruta=estandar
[2026-09-22 12:42:58] _load_standard_volume terminada: memoria proceso=424.9 MB -- volumen_hu dtype=float32
[2026-09-22 12:42:58] fin _load_dicoms: memoria proceso=424.9 MB
[2026-09-22 12:42:58] inicio _load_dicoms: memoria proceso=240.4 MB -- /home/felipepp/Documents/Archivos_UseApp/QA Halcyon Catphan
[2026-09-22 12:42:58] encabezados leidos: memoria proceso=240.4 MB -- 122 corte(s), crudo estimado=61.0 MB
[2026-09-22 12:42:58] umbral evaluado: memoria proceso=240.4 MB -- pico estimado=274.5 MB, RAM libre=36393.7 MB, ruta=estandar
[2026-09-22 12:42:58] _load_standard_volume terminada: memoria proceso=423.4 MB -- volumen_hu dtype=float32
[2026-09-22 12:42:58] fin _load_dicoms: memoria proceso=423.4 MB
[2026-09-22 12:42:58] inicio _load_dicoms: memoria proceso=240.4 MB -- /home/felipepp/Documents/Archivos_UseApp/DICOM/Catphandiciembre
[2026-09-22 12:42:58] encabezados leidos: memoria proceso=240.4 MB -- 70 corte(s), crudo estimado=19.7 MB
[2026-09-22 12:42:58] umbral evaluado: memoria proceso=240.4 MB -- pico estimado=88.6 MB, RAM libre=36365.0 MB, ruta=estandar
[2026-09-22 12:42:58] _load_standard_volume terminada: memoria proceso=240.4 MB -- volumen_hu dtype=float32
[2026-09-22 12:42:58] fin _load_dicoms: memoria proceso=240.4 MB
[2026-09-22 12:42:58] inicio _load_dicoms: memoria proceso=240.4 MB -- /home/felipepp/Documents/Archivos_UseApp/Catphan
[2026-09-22 12:42:59] encabezados leidos: memoria proceso=262.6 MB -- 278 corte(s), crudo estimado=139.0 MB
[2026-09-22 12:42:59] umbral evaluado: memoria proceso=262.6 MB -- pico estimado=625.5 MB, RAM libre=36364.6 MB, ruta=estandar
[2026-09-22 12:42:59] _load_standard_volume terminada: memoria proceso=679.7 MB -- volumen_hu dtype=float32
[2026-09-22 12:42:59] fin _load_dicoms: memoria proceso=679.7 MB
[2026-09-22 12:42:59] inicio _load_dicoms: memoria proceso=199.2 MB -- /home/felipepp/Documents/Archivos_UseApp/QA tomografo Catphan
[2026-09-22 12:42:59] encabezados leidos: memoria proceso=199.2 MB -- 102 corte(s), crudo estimado=51.0 MB
[2026-09-22 12:42:59] umbral evaluado: memoria proceso=199.2 MB -- pico estimado=229.5 MB, RAM libre=36413.9 MB, ruta=estandar
[2026-09-22 12:42:59] _load_standard_volume terminada: memoria proceso=376.6 MB -- volumen_hu dtype=float32
[2026-09-22 12:42:59] fin _load_dicoms: memoria proceso=376.6 MB
[2026-09-22 12:42:59] inicio _load_dicoms: memoria proceso=240.1 MB -- /home/felipepp/Documents/Archivos_UseApp/DICOM/CatphanHalcyonJunio2026
[2026-09-22 12:42:59] encabezados leidos: memoria proceso=244.9 MB -- 123 corte(s), crudo estimado=61.5 MB
[2026-09-22 12:42:59] umbral evaluado: memoria proceso=244.9 MB -- pico estimado=276.8 MB, RAM libre=36386.3 MB, ruta=estandar
[2026-09-22 12:42:59] _load_standard_volume terminada: memoria proceso=396.5 MB -- volumen_hu dtype=float32
[2026-09-22 12:42:59] fin _load_dicoms: memoria proceso=396.5 MB
[2026-09-22 12:43:02] inicio _load_dicoms: memoria proceso=804.6 MB -- /home/felipepp/Documents/Archivos_UseApp/DICOM/Catphandiciembre
[2026-09-22 12:43:02] encabezados leidos: memoria proceso=804.7 MB -- 70 corte(s), crudo estimado=19.7 MB
[2026-09-22 12:43:02] umbral evaluado: memoria proceso=804.7 MB -- pico estimado=88.6 MB, RAM libre=36156.7 MB, ruta=estandar
[2026-09-22 12:43:02] _load_standard_volume terminada: memoria proceso=804.7 MB -- volumen_hu dtype=float32
[2026-09-22 12:43:02] fin _load_dicoms: memoria proceso=804.7 MB
[2026-09-22 12:43:31] inicio _load_dicoms: memoria proceso=376.9 MB -- /home/felipepp/Documents/Archivos_UseApp/QA tomografo Catphan
[2026-09-22 12:43:31] encabezados leidos: memoria proceso=427.8 MB -- 102 corte(s), crudo estimado=51.0 MB
[2026-09-22 12:43:31] umbral evaluado: memoria proceso=427.8 MB -- pico estimado=229.5 MB, RAM libre=36851.1 MB, ruta=estandar
[2026-09-22 12:43:31] _load_standard_volume terminada: memoria proceso=578.0 MB -- volumen_hu dtype=float32
[2026-09-22 12:43:31] fin _load_dicoms: memoria proceso=578.0 MB
[2026-09-22 12:43:31] inicio _load_dicoms: memoria proceso=578.0 MB -- /home/felipepp/Documents/Archivos_UseApp/DICOM/Catphandiciembre
[2026-09-22 12:43:31] encabezados leidos: memoria proceso=597.6 MB -- 70 corte(s), crudo estimado=19.7 MB
[2026-09-22 12:43:31] umbral evaluado: memoria proceso=597.6 MB -- pico estimado=88.6 MB, RAM libre=36710.5 MB, ruta=estandar
[2026-09-22 12:43:32] _load_standard_volume terminada: memoria proceso=656.8 MB -- volumen_hu dtype=float32
[2026-09-22 12:43:32] fin _load_dicoms: memoria proceso=656.8 MB
[2026-09-22 12:46:50] _load_standard_volume terminada: memoria proceso=1315.2 MB -- volumen_hu dtype=float32
[2026-09-22 12:46:51] _load_large_volume terminada: memoria proceso=1315.2 MB -- volumen_hu dtype=float32
[2026-09-22 12:46:51] inicio _load_dicoms: memoria proceso=91.2 MB -- /home/felipepp/Documents/Archivos_UseApp/DICOM/CatphanHalcyonJunio2026
[2026-09-22 12:46:51] encabezados leidos: memoria proceso=159.1 MB -- 123 corte(s), crudo estimado=61.5 MB
[2026-09-22 12:46:51] umbral evaluado: memoria proceso=159.1 MB -- pico estimado=276.8 MB, RAM libre=36888.5 MB, ruta=estandar
[2026-09-22 12:46:51] _load_standard_volume terminada: memoria proceso=343.9 MB -- volumen_hu dtype=float32
[2026-09-22 12:46:51] fin _load_dicoms: memoria proceso=343.9 MB
[2026-09-22 12:46:51] inicio _load_dicoms: memoria proceso=91.3 MB -- /home/felipepp/Documents/Archivos_UseApp/Catphan
[2026-09-22 12:46:52] encabezados leidos: memoria proceso=245.6 MB -- 278 corte(s), crudo estimado=139.0 MB
[2026-09-22 12:46:52] umbral evaluado: memoria proceso=245.6 MB -- pico estimado=625.5 MB, RAM libre=36639.6 MB, ruta=estandar
[2026-09-22 12:46:52] _load_standard_volume terminada: memoria proceso=662.8 MB -- volumen_hu dtype=float32
[2026-09-22 12:46:52] fin _load_dicoms: memoria proceso=662.8 MB
[2026-09-22 12:46:52] inicio _load_dicoms: memoria proceso=1315.2 MB -- /home/felipepp/Documents/Archivos_UseApp/DICOM/CATPHANKV
[2026-09-22 12:46:52] encabezados leidos: memoria proceso=1315.2 MB -- 123 corte(s), crudo estimado=61.5 MB
[2026-09-22 12:46:52] umbral evaluado: memoria proceso=1315.2 MB -- pico estimado=276.8 MB, RAM libre=36668.9 MB, ruta=estandar
[2026-09-22 12:46:52] _load_standard_volume terminada: memoria proceso=1315.2 MB -- volumen_hu dtype=float32
[2026-09-22 12:46:52] fin _load_dicoms: memoria proceso=1315.2 MB
[2026-09-22 12:46:53] inicio _load_dicoms: memoria proceso=1315.2 MB -- /home/felipepp/Documents/Archivos_UseApp/DICOM/CatphanHalcyonJunio2026
[2026-09-22 12:46:53] encabezados leidos: memoria proceso=1315.2 MB -- 123 corte(s), crudo estimado=61.5 MB
[2026-09-22 12:46:53] umbral evaluado: memoria proceso=1315.2 MB -- pico estimado=276.8 MB, RAM libre=36649.9 MB, ruta=estandar
[2026-09-22 12:46:53] _load_standard_volume terminada: memoria proceso=1315.2 MB -- volumen_hu dtype=float32
[2026-09-22 12:46:53] fin _load_dicoms: memoria proceso=1315.2 MB
[2026-09-22 12:46:53] inicio _load_dicoms: memoria proceso=1315.2 MB -- /home/felipepp/Documents/Archivos_UseApp/QA Halcyon Catphan
[2026-09-22 12:46:53] encabezados leidos: memoria proceso=1315.2 MB -- 122 corte(s), crudo estimado=61.0 MB
[2026-09-22 12:46:53] umbral evaluado: memoria proceso=1315.2 MB -- pico estimado=274.5 MB, RAM libre=36667.2 MB, ruta=estandar
[2026-09-22 12:46:54] _load_standard_volume terminada: memoria proceso=1315.2 MB -- volumen_hu dtype=float32
[2026-09-22 12:46:54] fin _load_dicoms: memoria proceso=1315.2 MB
[2026-09-22 12:46:54] inicio _load_dicoms: memoria proceso=1315.2 MB -- /home/felipepp/Documents/Archivos_UseApp/DICOM/Catphandiciembre
[2026-09-22 12:46:54] encabezados leidos: memoria proceso=1315.2 MB -- 70 corte(s), crudo estimado=19.7 MB
[2026-09-22 12:46:54] umbral evaluado: memoria proceso=1315.2 MB -- pico estimado=88.6 MB, RAM libre=36690.2 MB, ruta=estandar
[2026-09-22 12:46:55] _load_standard_volume terminada: memoria proceso=1315.2 MB -- volumen_hu dtype=float32
[2026-09-22 12:46:55] fin _load_dicoms: memoria proceso=1315.2 MB
[2026-09-22 12:46:55] inicio _load_dicoms: memoria proceso=1315.2 MB -- /home/felipepp/Documents/Archivos_UseApp/Catphan
[2026-09-22 12:46:55] encabezados leidos: memoria proceso=1318.1 MB -- 278 corte(s), crudo estimado=139.0 MB
[2026-09-22 12:46:55] umbral evaluado: memoria proceso=1318.1 MB -- pico estimado=625.5 MB, RAM libre=36707.9 MB, ruta=estandar
[2026-09-22 12:46:55] _load_standard_volume terminada: memoria proceso=1318.1 MB -- volumen_hu dtype=float32
[2026-09-22 12:46:55] fin _load_dicoms: memoria proceso=1318.1 MB
[2026-09-22 12:46:56] inicio _load_dicoms: memoria proceso=1318.1 MB -- /home/felipepp/Documents/Archivos_UseApp/QA tomografo Catphan
[2026-09-22 12:46:56] encabezados leidos: memoria proceso=1318.1 MB -- 102 corte(s), crudo estimado=51.0 MB
[2026-09-22 12:46:56] umbral evaluado: memoria proceso=1318.1 MB -- pico estimado=229.5 MB, RAM libre=36654.9 MB, ruta=estandar
[2026-09-22 12:46:56] _load_standard_volume terminada: memoria proceso=1318.1 MB -- volumen_hu dtype=float32
[2026-09-22 12:46:56] fin _load_dicoms: memoria proceso=1318.1 MB
[2026-09-22 12:46:56] inicio _load_dicoms: memoria proceso=1318.1 MB -- /home/felipepp/Documents/Archivos_UseApp/DICOM/CatphanHalcyonJunio2026
[2026-09-22 12:46:57] encabezados leidos: memoria proceso=1318.1 MB -- 123 corte(s), crudo estimado=61.5 MB
[2026-09-22 12:46:57] umbral evaluado: memoria proceso=1318.1 MB -- pico estimado=276.8 MB, RAM libre=36656.4 MB, ruta=estandar
[2026-09-22 12:46:57] _load_standard_volume terminada: memoria proceso=1318.1 MB -- volumen_hu dtype=float32
[2026-09-22 12:46:57] fin _load_dicoms: memoria proceso=1318.1 MB
[2026-09-22 12:47:00] inicio _load_dicoms: memoria proceso=1318.5 MB -- /home/felipepp/Documents/Archivos_UseApp/DICOM/Catphandiciembre
[2026-09-22 12:47:00] encabezados leidos: memoria proceso=1318.5 MB -- 70 corte(s), crudo estimado=19.7 MB
[2026-09-22 12:47:00] umbral evaluado: memoria proceso=1318.5 MB -- pico estimado=88.6 MB, RAM libre=36717.8 MB, ruta=estandar
[2026-09-22 12:47:00] _load_standard_volume terminada: memoria proceso=1318.5 MB -- volumen_hu dtype=float32
[2026-09-22 12:47:00] fin _load_dicoms: memoria proceso=1318.5 MB
[2026-09-22 12:56:24] inicio _load_dicoms: memoria proceso=371.9 MB -- /home/felipepp/Documents/Archivos_UseApp/QA tomografo Catphan
[2026-09-22 12:56:24] encabezados leidos: memoria proceso=420.8 MB -- 102 corte(s), crudo estimado=51.0 MB
[2026-09-22 12:56:24] umbral evaluado: memoria proceso=420.8 MB -- pico estimado=229.5 MB, RAM libre=37294.6 MB, ruta=estandar
[2026-09-22 12:56:25] _load_standard_volume terminada: memoria proceso=573.9 MB -- volumen_hu dtype=float32
[2026-09-22 12:56:25] fin _load_dicoms: memoria proceso=573.9 MB
[2026-09-22 12:56:25] inicio _load_dicoms: memoria proceso=574.0 MB -- /home/felipepp/Documents/Archivos_UseApp/DICOM/Catphandiciembre
[2026-09-22 12:56:25] encabezados leidos: memoria proceso=593.3 MB -- 70 corte(s), crudo estimado=19.7 MB
[2026-09-22 12:56:25] umbral evaluado: memoria proceso=593.3 MB -- pico estimado=88.6 MB, RAM libre=37086.7 MB, ruta=estandar
[2026-09-22 12:56:25] _load_standard_volume terminada: memoria proceso=652.5 MB -- volumen_hu dtype=float32
[2026-09-22 12:56:25] fin _load_dicoms: memoria proceso=652.5 MB
[2026-09-22 13:00:12] _load_standard_volume terminada: memoria proceso=1315.2 MB -- volumen_hu dtype=float32
[2026-09-22 13:00:12] _load_large_volume terminada: memoria proceso=1315.2 MB -- volumen_hu dtype=float32
[2026-09-22 13:00:13] inicio _load_dicoms: memoria proceso=91.4 MB -- /home/felipepp/Documents/Archivos_UseApp/DICOM/CatphanHalcyonJunio2026
[2026-09-22 13:00:13] encabezados leidos: memoria proceso=159.3 MB -- 123 corte(s), crudo estimado=61.5 MB
[2026-09-22 13:00:13] umbral evaluado: memoria proceso=159.3 MB -- pico estimado=276.8 MB, RAM libre=36827.6 MB, ruta=estandar
[2026-09-22 13:00:13] _load_standard_volume terminada: memoria proceso=344.2 MB -- volumen_hu dtype=float32
[2026-09-22 13:00:13] fin _load_dicoms: memoria proceso=344.2 MB
[2026-09-22 13:00:13] inicio _load_dicoms: memoria proceso=91.4 MB -- /home/felipepp/Documents/Archivos_UseApp/Catphan
[2026-09-22 13:00:13] encabezados leidos: memoria proceso=245.7 MB -- 278 corte(s), crudo estimado=139.0 MB
[2026-09-22 13:00:13] umbral evaluado: memoria proceso=245.7 MB -- pico estimado=625.5 MB, RAM libre=36554.4 MB, ruta=estandar
[2026-09-22 13:00:13] _load_standard_volume terminada: memoria proceso=662.9 MB -- volumen_hu dtype=float32
[2026-09-22 13:00:13] fin _load_dicoms: memoria proceso=662.9 MB
[2026-09-22 13:00:13] inicio _load_dicoms: memoria proceso=1314.2 MB -- /home/felipepp/Documents/Archivos_UseApp/DICOM/CATPHANKV
[2026-09-22 13:00:13] encabezados leidos: memoria proceso=1314.2 MB -- 123 corte(s), crudo estimado=61.5 MB
[2026-09-22 13:00:13] umbral evaluado: memoria proceso=1314.2 MB -- pico estimado=276.8 MB, RAM libre=36562.2 MB, ruta=estandar
[2026-09-22 13:00:14] _load_standard_volume terminada: memoria proceso=1314.2 MB -- volumen_hu dtype=float32
[2026-09-22 13:00:14] fin _load_dicoms: memoria proceso=1314.2 MB
[2026-09-22 13:00:14] inicio _load_dicoms: memoria proceso=1314.2 MB -- /home/felipepp/Documents/Archivos_UseApp/DICOM/CatphanHalcyonJunio2026
[2026-09-22 13:00:14] encabezados leidos: memoria proceso=1314.2 MB -- 123 corte(s), crudo estimado=61.5 MB
[2026-09-22 13:00:14] umbral evaluado: memoria proceso=1314.2 MB -- pico estimado=276.8 MB, RAM libre=36654.9 MB, ruta=estandar
[2026-09-22 13:00:15] _load_standard_volume terminada: memoria proceso=1314.2 MB -- volumen_hu dtype=float32
[2026-09-22 13:00:15] fin _load_dicoms: memoria proceso=1314.2 MB
[2026-09-22 13:00:15] inicio _load_dicoms: memoria proceso=1314.2 MB -- /home/felipepp/Documents/Archivos_UseApp/QA Halcyon Catphan
[2026-09-22 13:00:15] encabezados leidos: memoria proceso=1314.2 MB -- 122 corte(s), crudo estimado=61.0 MB
[2026-09-22 13:00:15] umbral evaluado: memoria proceso=1314.2 MB -- pico estimado=274.5 MB, RAM libre=36666.4 MB, ruta=estandar
[2026-09-22 13:00:15] _load_standard_volume terminada: memoria proceso=1314.2 MB -- volumen_hu dtype=float32
[2026-09-22 13:00:15] fin _load_dicoms: memoria proceso=1314.2 MB
[2026-09-22 13:00:15] inicio _load_dicoms: memoria proceso=1314.2 MB -- /home/felipepp/Documents/Archivos_UseApp/DICOM/Catphandiciembre
[2026-09-22 13:00:15] encabezados leidos: memoria proceso=1314.2 MB -- 70 corte(s), crudo estimado=19.7 MB
[2026-09-22 13:00:15] umbral evaluado: memoria proceso=1314.2 MB -- pico estimado=88.6 MB, RAM libre=36672.4 MB, ruta=estandar
[2026-09-22 13:00:16] _load_standard_volume terminada: memoria proceso=1314.2 MB -- volumen_hu dtype=float32
[2026-09-22 13:00:16] fin _load_dicoms: memoria proceso=1314.2 MB
[2026-09-22 13:00:16] inicio _load_dicoms: memoria proceso=1314.2 MB -- /home/felipepp/Documents/Archivos_UseApp/Catphan
[2026-09-22 13:00:16] encabezados leidos: memoria proceso=1317.2 MB -- 278 corte(s), crudo estimado=139.0 MB
[2026-09-22 13:00:16] umbral evaluado: memoria proceso=1317.2 MB -- pico estimado=625.5 MB, RAM libre=36685.0 MB, ruta=estandar
[2026-09-22 13:00:17] _load_standard_volume terminada: memoria proceso=1317.2 MB -- volumen_hu dtype=float32
[2026-09-22 13:00:17] fin _load_dicoms: memoria proceso=1317.2 MB
[2026-09-22 13:00:17] inicio _load_dicoms: memoria proceso=1317.2 MB -- /home/felipepp/Documents/Archivos_UseApp/QA tomografo Catphan
[2026-09-22 13:00:17] encabezados leidos: memoria proceso=1317.2 MB -- 102 corte(s), crudo estimado=51.0 MB
[2026-09-22 13:00:17] umbral evaluado: memoria proceso=1317.2 MB -- pico estimado=229.5 MB, RAM libre=36511.6 MB, ruta=estandar
[2026-09-22 13:00:18] _load_standard_volume terminada: memoria proceso=1317.2 MB -- volumen_hu dtype=float32
[2026-09-22 13:00:18] fin _load_dicoms: memoria proceso=1317.2 MB
[2026-09-22 13:00:18] inicio _load_dicoms: memoria proceso=1317.2 MB -- /home/felipepp/Documents/Archivos_UseApp/DICOM/CatphanHalcyonJunio2026
[2026-09-22 13:00:18] encabezados leidos: memoria proceso=1317.2 MB -- 123 corte(s), crudo estimado=61.5 MB
[2026-09-22 13:00:18] umbral evaluado: memoria proceso=1317.2 MB -- pico estimado=276.8 MB, RAM libre=36534.5 MB, ruta=estandar
[2026-09-22 13:00:18] _load_standard_volume terminada: memoria proceso=1317.2 MB -- volumen_hu dtype=float32
[2026-09-22 13:00:18] fin _load_dicoms: memoria proceso=1317.2 MB
[2026-09-22 13:00:21] inicio _load_dicoms: memoria proceso=1317.5 MB -- /home/felipepp/Documents/Archivos_UseApp/DICOM/Catphandiciembre
[2026-09-22 13:00:21] encabezados leidos: memoria proceso=1317.6 MB -- 70 corte(s), crudo estimado=19.7 MB
[2026-09-22 13:00:21] umbral evaluado: memoria proceso=1317.6 MB -- pico estimado=88.6 MB, RAM libre=36594.7 MB, ruta=estandar
[2026-09-22 13:00:21] _load_standard_volume terminada: memoria proceso=1317.6 MB -- volumen_hu dtype=float32
[2026-09-22 13:00:21] fin _load_dicoms: memoria proceso=1317.6 MB
